// Jest Snapshot v1, https://goo.gl/fbAQLP

exports[`should fetch a roster 1`] = `
Array [
  Object {
    "active": true,
    "alternateCaptain": false,
    "birthCity": "Roubaix",
    "birthCountry": "FRA",
    "birthDate": "1989-11-21",
    "captain": false,
    "currentAge": 30,
    "currentTeam": Object {
      "id": 23,
      "link": "/api/v1/teams/23",
      "name": "Vancouver Canucks",
    },
    "firstName": "Antoine",
    "fullName": "Antoine Roussel",
    "height": "5' 11\\"",
    "id": 8474849,
    "lastName": "Roussel",
    "link": "/api/v1/people/8474849",
    "nationality": "FRA",
    "primaryNumber": "26",
    "primaryPosition": Object {
      "abbreviation": "LW",
      "code": "L",
      "name": "Left Wing",
      "type": "Forward",
    },
    "rookie": false,
    "rosterStatus": "Y",
    "shootsCatches": "L",
    "weight": 199,
  },
  Object {
    "active": true,
    "alternateCaptain": false,
    "birthCity": "Roubaix",
    "birthCountry": "FRA",
    "birthDate": "1989-11-21",
    "captain": false,
    "currentAge": 30,
    "currentTeam": Object {
      "id": 23,
      "link": "/api/v1/teams/23",
      "name": "Vancouver Canucks",
    },
    "firstName": "Antoine",
    "fullName": "Antoine Roussel",
    "height": "5' 11\\"",
    "id": 8474849,
    "lastName": "Roussel",
    "link": "/api/v1/people/8474849",
    "nationality": "FRA",
    "primaryNumber": "26",
    "primaryPosition": Object {
      "abbreviation": "LW",
      "code": "L",
      "name": "Left Wing",
      "type": "Forward",
    },
    "rookie": false,
    "rosterStatus": "Y",
    "shootsCatches": "L",
    "weight": 199,
  },
  Object {
    "active": true,
    "alternateCaptain": false,
    "birthCity": "Roubaix",
    "birthCountry": "FRA",
    "birthDate": "1989-11-21",
    "captain": false,
    "currentAge": 30,
    "currentTeam": Object {
      "id": 23,
      "link": "/api/v1/teams/23",
      "name": "Vancouver Canucks",
    },
    "firstName": "Antoine",
    "fullName": "Antoine Roussel",
    "height": "5' 11\\"",
    "id": 8474849,
    "lastName": "Roussel",
    "link": "/api/v1/people/8474849",
    "nationality": "FRA",
    "primaryNumber": "26",
    "primaryPosition": Object {
      "abbreviation": "LW",
      "code": "L",
      "name": "Left Wing",
      "type": "Forward",
    },
    "rookie": false,
    "rosterStatus": "Y",
    "shootsCatches": "L",
    "weight": 199,
  },
  Object {
    "active": true,
    "alternateCaptain": false,
    "birthCity": "Roubaix",
    "birthCountry": "FRA",
    "birthDate": "1989-11-21",
    "captain": false,
    "currentAge": 30,
    "currentTeam": Object {
      "id": 23,
      "link": "/api/v1/teams/23",
      "name": "Vancouver Canucks",
    },
    "firstName": "Antoine",
    "fullName": "Antoine Roussel",
    "height": "5' 11\\"",
    "id": 8474849,
    "lastName": "Roussel",
    "link": "/api/v1/people/8474849",
    "nationality": "FRA",
    "primaryNumber": "26",
    "primaryPosition": Object {
      "abbreviation": "LW",
      "code": "L",
      "name": "Left Wing",
      "type": "Forward",
    },
    "rookie": false,
    "rosterStatus": "Y",
    "shootsCatches": "L",
    "weight": 199,
  },
  Object {
    "active": true,
    "alternateCaptain": false,
    "birthCity": "Roubaix",
    "birthCountry": "FRA",
    "birthDate": "1989-11-21",
    "captain": false,
    "currentAge": 30,
    "currentTeam": Object {
      "id": 23,
      "link": "/api/v1/teams/23",
      "name": "Vancouver Canucks",
    },
    "firstName": "Antoine",
    "fullName": "Antoine Roussel",
    "height": "5' 11\\"",
    "id": 8474849,
    "lastName": "Roussel",
    "link": "/api/v1/people/8474849",
    "nationality": "FRA",
    "primaryNumber": "26",
    "primaryPosition": Object {
      "abbreviation": "LW",
      "code": "L",
      "name": "Left Wing",
      "type": "Forward",
    },
    "rookie": false,
    "rosterStatus": "Y",
    "shootsCatches": "L",
    "weight": 199,
  },
  Object {
    "active": true,
    "alternateCaptain": false,
    "birthCity": "Roubaix",
    "birthCountry": "FRA",
    "birthDate": "1989-11-21",
    "captain": false,
    "currentAge": 30,
    "currentTeam": Object {
      "id": 23,
      "link": "/api/v1/teams/23",
      "name": "Vancouver Canucks",
    },
    "firstName": "Antoine",
    "fullName": "Antoine Roussel",
    "height": "5' 11\\"",
    "id": 8474849,
    "lastName": "Roussel",
    "link": "/api/v1/people/8474849",
    "nationality": "FRA",
    "primaryNumber": "26",
    "primaryPosition": Object {
      "abbreviation": "LW",
      "code": "L",
      "name": "Left Wing",
      "type": "Forward",
    },
    "rookie": false,
    "rosterStatus": "Y",
    "shootsCatches": "L",
    "weight": 199,
  },
  Object {
    "active": true,
    "alternateCaptain": false,
    "birthCity": "Roubaix",
    "birthCountry": "FRA",
    "birthDate": "1989-11-21",
    "captain": false,
    "currentAge": 30,
    "currentTeam": Object {
      "id": 23,
      "link": "/api/v1/teams/23",
      "name": "Vancouver Canucks",
    },
    "firstName": "Antoine",
    "fullName": "Antoine Roussel",
    "height": "5' 11\\"",
    "id": 8474849,
    "lastName": "Roussel",
    "link": "/api/v1/people/8474849",
    "nationality": "FRA",
    "primaryNumber": "26",
    "primaryPosition": Object {
      "abbreviation": "LW",
      "code": "L",
      "name": "Left Wing",
      "type": "Forward",
    },
    "rookie": false,
    "rosterStatus": "Y",
    "shootsCatches": "L",
    "weight": 199,
  },
  Object {
    "active": true,
    "alternateCaptain": false,
    "birthCity": "Roubaix",
    "birthCountry": "FRA",
    "birthDate": "1989-11-21",
    "captain": false,
    "currentAge": 30,
    "currentTeam": Object {
      "id": 23,
      "link": "/api/v1/teams/23",
      "name": "Vancouver Canucks",
    },
    "firstName": "Antoine",
    "fullName": "Antoine Roussel",
    "height": "5' 11\\"",
    "id": 8474849,
    "lastName": "Roussel",
    "link": "/api/v1/people/8474849",
    "nationality": "FRA",
    "primaryNumber": "26",
    "primaryPosition": Object {
      "abbreviation": "LW",
      "code": "L",
      "name": "Left Wing",
      "type": "Forward",
    },
    "rookie": false,
    "rosterStatus": "Y",
    "shootsCatches": "L",
    "weight": 199,
  },
  Object {
    "active": true,
    "alternateCaptain": false,
    "birthCity": "Roubaix",
    "birthCountry": "FRA",
    "birthDate": "1989-11-21",
    "captain": false,
    "currentAge": 30,
    "currentTeam": Object {
      "id": 23,
      "link": "/api/v1/teams/23",
      "name": "Vancouver Canucks",
    },
    "firstName": "Antoine",
    "fullName": "Antoine Roussel",
    "height": "5' 11\\"",
    "id": 8474849,
    "lastName": "Roussel",
    "link": "/api/v1/people/8474849",
    "nationality": "FRA",
    "primaryNumber": "26",
    "primaryPosition": Object {
      "abbreviation": "LW",
      "code": "L",
      "name": "Left Wing",
      "type": "Forward",
    },
    "rookie": false,
    "rosterStatus": "Y",
    "shootsCatches": "L",
    "weight": 199,
  },
  Object {
    "active": true,
    "alternateCaptain": false,
    "birthCity": "Roubaix",
    "birthCountry": "FRA",
    "birthDate": "1989-11-21",
    "captain": false,
    "currentAge": 30,
    "currentTeam": Object {
      "id": 23,
      "link": "/api/v1/teams/23",
      "name": "Vancouver Canucks",
    },
    "firstName": "Antoine",
    "fullName": "Antoine Roussel",
    "height": "5' 11\\"",
    "id": 8474849,
    "lastName": "Roussel",
    "link": "/api/v1/people/8474849",
    "nationality": "FRA",
    "primaryNumber": "26",
    "primaryPosition": Object {
      "abbreviation": "LW",
      "code": "L",
      "name": "Left Wing",
      "type": "Forward",
    },
    "rookie": false,
    "rosterStatus": "Y",
    "shootsCatches": "L",
    "weight": 199,
  },
  Object {
    "active": true,
    "alternateCaptain": false,
    "birthCity": "Roubaix",
    "birthCountry": "FRA",
    "birthDate": "1989-11-21",
    "captain": false,
    "currentAge": 30,
    "currentTeam": Object {
      "id": 23,
      "link": "/api/v1/teams/23",
      "name": "Vancouver Canucks",
    },
    "firstName": "Antoine",
    "fullName": "Antoine Roussel",
    "height": "5' 11\\"",
    "id": 8474849,
    "lastName": "Roussel",
    "link": "/api/v1/people/8474849",
    "nationality": "FRA",
    "primaryNumber": "26",
    "primaryPosition": Object {
      "abbreviation": "LW",
      "code": "L",
      "name": "Left Wing",
      "type": "Forward",
    },
    "rookie": false,
    "rosterStatus": "Y",
    "shootsCatches": "L",
    "weight": 199,
  },
  Object {
    "active": true,
    "alternateCaptain": false,
    "birthCity": "Roubaix",
    "birthCountry": "FRA",
    "birthDate": "1989-11-21",
    "captain": false,
    "currentAge": 30,
    "currentTeam": Object {
      "id": 23,
      "link": "/api/v1/teams/23",
      "name": "Vancouver Canucks",
    },
    "firstName": "Antoine",
    "fullName": "Antoine Roussel",
    "height": "5' 11\\"",
    "id": 8474849,
    "lastName": "Roussel",
    "link": "/api/v1/people/8474849",
    "nationality": "FRA",
    "primaryNumber": "26",
    "primaryPosition": Object {
      "abbreviation": "LW",
      "code": "L",
      "name": "Left Wing",
      "type": "Forward",
    },
    "rookie": false,
    "rosterStatus": "Y",
    "shootsCatches": "L",
    "weight": 199,
  },
  Object {
    "active": true,
    "alternateCaptain": false,
    "birthCity": "Roubaix",
    "birthCountry": "FRA",
    "birthDate": "1989-11-21",
    "captain": false,
    "currentAge": 30,
    "currentTeam": Object {
      "id": 23,
      "link": "/api/v1/teams/23",
      "name": "Vancouver Canucks",
    },
    "firstName": "Antoine",
    "fullName": "Antoine Roussel",
    "height": "5' 11\\"",
    "id": 8474849,
    "lastName": "Roussel",
    "link": "/api/v1/people/8474849",
    "nationality": "FRA",
    "primaryNumber": "26",
    "primaryPosition": Object {
      "abbreviation": "LW",
      "code": "L",
      "name": "Left Wing",
      "type": "Forward",
    },
    "rookie": false,
    "rosterStatus": "Y",
    "shootsCatches": "L",
    "weight": 199,
  },
  Object {
    "active": true,
    "alternateCaptain": false,
    "birthCity": "Roubaix",
    "birthCountry": "FRA",
    "birthDate": "1989-11-21",
    "captain": false,
    "currentAge": 30,
    "currentTeam": Object {
      "id": 23,
      "link": "/api/v1/teams/23",
      "name": "Vancouver Canucks",
    },
    "firstName": "Antoine",
    "fullName": "Antoine Roussel",
    "height": "5' 11\\"",
    "id": 8474849,
    "lastName": "Roussel",
    "link": "/api/v1/people/8474849",
    "nationality": "FRA",
    "primaryNumber": "26",
    "primaryPosition": Object {
      "abbreviation": "LW",
      "code": "L",
      "name": "Left Wing",
      "type": "Forward",
    },
    "rookie": false,
    "rosterStatus": "Y",
    "shootsCatches": "L",
    "weight": 199,
  },
  Object {
    "active": true,
    "alternateCaptain": false,
    "birthCity": "Roubaix",
    "birthCountry": "FRA",
    "birthDate": "1989-11-21",
    "captain": false,
    "currentAge": 30,
    "currentTeam": Object {
      "id": 23,
      "link": "/api/v1/teams/23",
      "name": "Vancouver Canucks",
    },
    "firstName": "Antoine",
    "fullName": "Antoine Roussel",
    "height": "5' 11\\"",
    "id": 8474849,
    "lastName": "Roussel",
    "link": "/api/v1/people/8474849",
    "nationality": "FRA",
    "primaryNumber": "26",
    "primaryPosition": Object {
      "abbreviation": "LW",
      "code": "L",
      "name": "Left Wing",
      "type": "Forward",
    },
    "rookie": false,
    "rosterStatus": "Y",
    "shootsCatches": "L",
    "weight": 199,
  },
  Object {
    "active": true,
    "alternateCaptain": false,
    "birthCity": "Roubaix",
    "birthCountry": "FRA",
    "birthDate": "1989-11-21",
    "captain": false,
    "currentAge": 30,
    "currentTeam": Object {
      "id": 23,
      "link": "/api/v1/teams/23",
      "name": "Vancouver Canucks",
    },
    "firstName": "Antoine",
    "fullName": "Antoine Roussel",
    "height": "5' 11\\"",
    "id": 8474849,
    "lastName": "Roussel",
    "link": "/api/v1/people/8474849",
    "nationality": "FRA",
    "primaryNumber": "26",
    "primaryPosition": Object {
      "abbreviation": "LW",
      "code": "L",
      "name": "Left Wing",
      "type": "Forward",
    },
    "rookie": false,
    "rosterStatus": "Y",
    "shootsCatches": "L",
    "weight": 199,
  },
  Object {
    "active": true,
    "alternateCaptain": false,
    "birthCity": "Roubaix",
    "birthCountry": "FRA",
    "birthDate": "1989-11-21",
    "captain": false,
    "currentAge": 30,
    "currentTeam": Object {
      "id": 23,
      "link": "/api/v1/teams/23",
      "name": "Vancouver Canucks",
    },
    "firstName": "Antoine",
    "fullName": "Antoine Roussel",
    "height": "5' 11\\"",
    "id": 8474849,
    "lastName": "Roussel",
    "link": "/api/v1/people/8474849",
    "nationality": "FRA",
    "primaryNumber": "26",
    "primaryPosition": Object {
      "abbreviation": "LW",
      "code": "L",
      "name": "Left Wing",
      "type": "Forward",
    },
    "rookie": false,
    "rosterStatus": "Y",
    "shootsCatches": "L",
    "weight": 199,
  },
  Object {
    "active": true,
    "alternateCaptain": false,
    "birthCity": "Roubaix",
    "birthCountry": "FRA",
    "birthDate": "1989-11-21",
    "captain": false,
    "currentAge": 30,
    "currentTeam": Object {
      "id": 23,
      "link": "/api/v1/teams/23",
      "name": "Vancouver Canucks",
    },
    "firstName": "Antoine",
    "fullName": "Antoine Roussel",
    "height": "5' 11\\"",
    "id": 8474849,
    "lastName": "Roussel",
    "link": "/api/v1/people/8474849",
    "nationality": "FRA",
    "primaryNumber": "26",
    "primaryPosition": Object {
      "abbreviation": "LW",
      "code": "L",
      "name": "Left Wing",
      "type": "Forward",
    },
    "rookie": false,
    "rosterStatus": "Y",
    "shootsCatches": "L",
    "weight": 199,
  },
  Object {
    "active": true,
    "alternateCaptain": false,
    "birthCity": "Roubaix",
    "birthCountry": "FRA",
    "birthDate": "1989-11-21",
    "captain": false,
    "currentAge": 30,
    "currentTeam": Object {
      "id": 23,
      "link": "/api/v1/teams/23",
      "name": "Vancouver Canucks",
    },
    "firstName": "Antoine",
    "fullName": "Antoine Roussel",
    "height": "5' 11\\"",
    "id": 8474849,
    "lastName": "Roussel",
    "link": "/api/v1/people/8474849",
    "nationality": "FRA",
    "primaryNumber": "26",
    "primaryPosition": Object {
      "abbreviation": "LW",
      "code": "L",
      "name": "Left Wing",
      "type": "Forward",
    },
    "rookie": false,
    "rosterStatus": "Y",
    "shootsCatches": "L",
    "weight": 199,
  },
  Object {
    "active": true,
    "alternateCaptain": false,
    "birthCity": "Roubaix",
    "birthCountry": "FRA",
    "birthDate": "1989-11-21",
    "captain": false,
    "currentAge": 30,
    "currentTeam": Object {
      "id": 23,
      "link": "/api/v1/teams/23",
      "name": "Vancouver Canucks",
    },
    "firstName": "Antoine",
    "fullName": "Antoine Roussel",
    "height": "5' 11\\"",
    "id": 8474849,
    "lastName": "Roussel",
    "link": "/api/v1/people/8474849",
    "nationality": "FRA",
    "primaryNumber": "26",
    "primaryPosition": Object {
      "abbreviation": "LW",
      "code": "L",
      "name": "Left Wing",
      "type": "Forward",
    },
    "rookie": false,
    "rosterStatus": "Y",
    "shootsCatches": "L",
    "weight": 199,
  },
  Object {
    "active": true,
    "alternateCaptain": false,
    "birthCity": "Roubaix",
    "birthCountry": "FRA",
    "birthDate": "1989-11-21",
    "captain": false,
    "currentAge": 30,
    "currentTeam": Object {
      "id": 23,
      "link": "/api/v1/teams/23",
      "name": "Vancouver Canucks",
    },
    "firstName": "Antoine",
    "fullName": "Antoine Roussel",
    "height": "5' 11\\"",
    "id": 8474849,
    "lastName": "Roussel",
    "link": "/api/v1/people/8474849",
    "nationality": "FRA",
    "primaryNumber": "26",
    "primaryPosition": Object {
      "abbreviation": "LW",
      "code": "L",
      "name": "Left Wing",
      "type": "Forward",
    },
    "rookie": false,
    "rosterStatus": "Y",
    "shootsCatches": "L",
    "weight": 199,
  },
  Object {
    "active": true,
    "alternateCaptain": false,
    "birthCity": "Roubaix",
    "birthCountry": "FRA",
    "birthDate": "1989-11-21",
    "captain": false,
    "currentAge": 30,
    "currentTeam": Object {
      "id": 23,
      "link": "/api/v1/teams/23",
      "name": "Vancouver Canucks",
    },
    "firstName": "Antoine",
    "fullName": "Antoine Roussel",
    "height": "5' 11\\"",
    "id": 8474849,
    "lastName": "Roussel",
    "link": "/api/v1/people/8474849",
    "nationality": "FRA",
    "primaryNumber": "26",
    "primaryPosition": Object {
      "abbreviation": "LW",
      "code": "L",
      "name": "Left Wing",
      "type": "Forward",
    },
    "rookie": false,
    "rosterStatus": "Y",
    "shootsCatches": "L",
    "weight": 199,
  },
  Object {
    "active": true,
    "alternateCaptain": false,
    "birthCity": "Roubaix",
    "birthCountry": "FRA",
    "birthDate": "1989-11-21",
    "captain": false,
    "currentAge": 30,
    "currentTeam": Object {
      "id": 23,
      "link": "/api/v1/teams/23",
      "name": "Vancouver Canucks",
    },
    "firstName": "Antoine",
    "fullName": "Antoine Roussel",
    "height": "5' 11\\"",
    "id": 8474849,
    "lastName": "Roussel",
    "link": "/api/v1/people/8474849",
    "nationality": "FRA",
    "primaryNumber": "26",
    "primaryPosition": Object {
      "abbreviation": "LW",
      "code": "L",
      "name": "Left Wing",
      "type": "Forward",
    },
    "rookie": false,
    "rosterStatus": "Y",
    "shootsCatches": "L",
    "weight": 199,
  },
  Object {
    "active": true,
    "alternateCaptain": false,
    "birthCity": "Roubaix",
    "birthCountry": "FRA",
    "birthDate": "1989-11-21",
    "captain": false,
    "currentAge": 30,
    "currentTeam": Object {
      "id": 23,
      "link": "/api/v1/teams/23",
      "name": "Vancouver Canucks",
    },
    "firstName": "Antoine",
    "fullName": "Antoine Roussel",
    "height": "5' 11\\"",
    "id": 8474849,
    "lastName": "Roussel",
    "link": "/api/v1/people/8474849",
    "nationality": "FRA",
    "primaryNumber": "26",
    "primaryPosition": Object {
      "abbreviation": "LW",
      "code": "L",
      "name": "Left Wing",
      "type": "Forward",
    },
    "rookie": false,
    "rosterStatus": "Y",
    "shootsCatches": "L",
    "weight": 199,
  },
]
`;
